Loading Betfair...
Traceback (most recent call last):
  File "/Users/joshuaattridge/Documents/Personal/Odds_scraper/test_api.py", line 33, in <module>
    page.goto('https://www.betfair.com/sport/football', wait_until='networkidle')
  File "/Users/joshuaattridge/Documents/Personal/Odds_scraper/.venv/lib/python3.12/site-packages/playwright/sync_api/_generated.py", line 9050, in goto
    self._sync(
  File "/Users/joshuaattridge/Documents/Personal/Odds_scraper/.venv/lib/python3.12/site-packages/playwright/_impl/_sync_base.py", line 115, in _sync
    return task.result()
           ^^^^^^^^^^^^^
  File "/Users/joshuaattridge/Documents/Personal/Odds_scraper/.venv/lib/python3.12/site-packages/playwright/_impl/_page.py", line 552, in goto
    return await self._main_frame.goto(**locals_to_params(locals()))
           ^^^^^^^^^^^^^^^^^^^^^^^^^^^^^^^^^^^^^^^^^^^^^^^^^^^^^^^^^
  File "/Users/joshuaattridge/Documents/Personal/Odds_scraper/.venv/lib/python3.12/site-packages/playwright/_impl/_frame.py", line 153, in goto
    await self._channel.send(
  File "/Users/joshuaattridge/Documents/Personal/Odds_scraper/.venv/lib/python3.12/site-packages/playwright/_impl/_connection.py", line 69, in send
    return await self._connection.wrap_api_call(
           ^^^^^^^^^^^^^^^^^^^^^^^^^^^^^^^^^^^^^
  File "/Users/joshuaattridge/Documents/Personal/Odds_scraper/.venv/lib/python3.12/site-packages/playwright/_impl/_connection.py", line 559, in wrap_api_call
    raise rewrite_error(error, f"{parsed_st['apiName']}: {error}") from None
playwright._impl._errors.TimeoutError: Page.goto: Timeout 30000ms exceeded.
Call log:
  - navigating to "https://www.betfair.com/sport/football", waiting until "networkidle"

